V:\Documents\Wipro\SpringFramework\CapStonePractice\src\main\java\com\example\App.java
V:\Documents\Wipro\SpringFramework\CapStonePractice\src\main\java\com\example\controller\AdminController.java
V:\Documents\Wipro\SpringFramework\CapStonePractice\src\main\java\com\example\controller\TaskController.java
V:\Documents\Wipro\SpringFramework\CapStonePractice\src\main\java\com\example\controller\UserController.java
V:\Documents\Wipro\SpringFramework\CapStonePractice\src\main\java\com\example\dao\CommentDao.java
V:\Documents\Wipro\SpringFramework\CapStonePractice\src\main\java\com\example\dao\TaskDao.java
V:\Documents\Wipro\SpringFramework\CapStonePractice\src\main\java\com\example\dao\UserDao.java
V:\Documents\Wipro\SpringFramework\CapStonePractice\src\main\java\com\example\model\Comment.java
V:\Documents\Wipro\SpringFramework\CapStonePractice\src\main\java\com\example\model\Task.java
V:\Documents\Wipro\SpringFramework\CapStonePractice\src\main\java\com\example\model\User.java
V:\Documents\Wipro\SpringFramework\CapStonePractice\src\main\java\com\example\service\CommentService.java
V:\Documents\Wipro\SpringFramework\CapStonePractice\src\main\java\com\example\service\TaskService.java
V:\Documents\Wipro\SpringFramework\CapStonePractice\src\main\java\com\example\service\UserService.java
V:\Documents\Wipro\SpringFramework\CapStonePractice\src\main\java\com\example\util\HibernateUtil.java
